Building DAG of jobs...
Your conda installation is not configured to use strict channel priorities. This is however crucial for having robust and correct environments (for details, see https://conda-forge.org/docs/user/tipsandtricks.html). Please consider to configure strict priorities by executing 'conda config --set channel_priority strict'.
Using shell: /bin/bash
Provided cores: 8
Rules claiming more threads will be scaled down.
Provided resources: mem_mb=10000
Job stats:
job                                       count
--------------------------------------  -------
all                                           1
create_WHO_catalog_variants_TSV               8
get_WHO_catalog_resistance_predictions        8
total                                        17

Select jobs to execute...
Failed to solve scheduling problem with ILP solver. Falling back to greedy solver. Run Snakemake with --verbose to see the full solver output for debugging the problem.

[Thu Feb 20 14:22:16 2025]
rule create_WHO_catalog_variants_TSV:
    input: /n/data1/hms/dbmi/farhat/rollingDB/genomic_data/SAMEA3558162/WHO_resistance/SAMEA3558162_variants_combinedCodons.eff.vcf
    output: /n/data1/hms/dbmi/farhat/rollingDB/genomic_data/SAMEA3558162/WHO_resistance/SAMEA3558162_variants_combinedCodons.eff.vcf.bgz, /n/data1/hms/dbmi/farhat/rollingDB/genomic_data/SAMEA3558162/WHO_resistance/SAMEA3558162_variants_combinedCodons.eff.vcf.bgz.tbi, /n/data1/hms/dbmi/farhat/rollingDB/genomic_data/SAMEA3558162/WHO_resistance/SAMEA3558162_variants.tsv
    jobid: 12
    reason: Missing output files: /n/data1/hms/dbmi/farhat/rollingDB/genomic_data/SAMEA3558162/WHO_resistance/SAMEA3558162_variants.tsv
    wildcards: sample_ID=SAMEA3558162
    resources: tmpdir=/tmp

Activating conda environment: ../../Mtb_Megapipe/.snakemake/conda/a127fe87b4a6b9a6a5f6a81ead3133a8_

[Thu Feb 20 14:22:16 2025]
rule create_WHO_catalog_variants_TSV:
    input: /n/data1/hms/dbmi/farhat/rollingDB/genomic_data/SAMN02381044/WHO_resistance/SAMN02381044_variants_combinedCodons.eff.vcf
    output: /n/data1/hms/dbmi/farhat/rollingDB/genomic_data/SAMN02381044/WHO_resistance/SAMN02381044_variants_combinedCodons.eff.vcf.bgz, /n/data1/hms/dbmi/farhat/rollingDB/genomic_data/SAMN02381044/WHO_resistance/SAMN02381044_variants_combinedCodons.eff.vcf.bgz.tbi, /n/data1/hms/dbmi/farhat/rollingDB/genomic_data/SAMN02381044/WHO_resistance/SAMN02381044_variants.tsv
    jobid: 14
    reason: Missing output files: /n/data1/hms/dbmi/farhat/rollingDB/genomic_data/SAMN02381044/WHO_resistance/SAMN02381044_variants.tsv
    wildcards: sample_ID=SAMN02381044
    resources: tmpdir=/tmp

Activating conda environment: ../../Mtb_Megapipe/.snakemake/conda/a127fe87b4a6b9a6a5f6a81ead3133a8_

[Thu Feb 20 14:22:16 2025]
rule create_WHO_catalog_variants_TSV:
    input: /n/data1/hms/dbmi/farhat/rollingDB/genomic_data/SAMEA5569694/WHO_resistance/SAMEA5569694_variants_combinedCodons.eff.vcf
    output: /n/data1/hms/dbmi/farhat/rollingDB/genomic_data/SAMEA5569694/WHO_resistance/SAMEA5569694_variants_combinedCodons.eff.vcf.bgz, /n/data1/hms/dbmi/farhat/rollingDB/genomic_data/SAMEA5569694/WHO_resistance/SAMEA5569694_variants_combinedCodons.eff.vcf.bgz.tbi, /n/data1/hms/dbmi/farhat/rollingDB/genomic_data/SAMEA5569694/WHO_resistance/SAMEA5569694_variants.tsv
    jobid: 16
    reason: Missing output files: /n/data1/hms/dbmi/farhat/rollingDB/genomic_data/SAMEA5569694/WHO_resistance/SAMEA5569694_variants.tsv
    wildcards: sample_ID=SAMEA5569694
    resources: tmpdir=/tmp


[Thu Feb 20 14:22:16 2025]
rule create_WHO_catalog_variants_TSV:
    input: /n/data1/hms/dbmi/farhat/rollingDB/genomic_data/SAMEA3558189/WHO_resistance/SAMEA3558189_variants_combinedCodons.eff.vcf
    output: /n/data1/hms/dbmi/farhat/rollingDB/genomic_data/SAMEA3558189/WHO_resistance/SAMEA3558189_variants_combinedCodons.eff.vcf.bgz, /n/data1/hms/dbmi/farhat/rollingDB/genomic_data/SAMEA3558189/WHO_resistance/SAMEA3558189_variants_combinedCodons.eff.vcf.bgz.tbi, /n/data1/hms/dbmi/farhat/rollingDB/genomic_data/SAMEA3558189/WHO_resistance/SAMEA3558189_variants.tsv
    jobid: 2
    reason: Missing output files: /n/data1/hms/dbmi/farhat/rollingDB/genomic_data/SAMEA3558189/WHO_resistance/SAMEA3558189_variants.tsv
    wildcards: sample_ID=SAMEA3558189
    resources: tmpdir=/tmp

Activating conda environment: ../../Mtb_Megapipe/.snakemake/conda/a127fe87b4a6b9a6a5f6a81ead3133a8_
Activating conda environment: ../../Mtb_Megapipe/.snakemake/conda/a127fe87b4a6b9a6a5f6a81ead3133a8_

[Thu Feb 20 14:22:16 2025]
rule create_WHO_catalog_variants_TSV:
    input: /n/data1/hms/dbmi/farhat/rollingDB/genomic_data/SAMEA3558191/WHO_resistance/SAMEA3558191_variants_combinedCodons.eff.vcf
    output: /n/data1/hms/dbmi/farhat/rollingDB/genomic_data/SAMEA3558191/WHO_resistance/SAMEA3558191_variants_combinedCodons.eff.vcf.bgz, /n/data1/hms/dbmi/farhat/rollingDB/genomic_data/SAMEA3558191/WHO_resistance/SAMEA3558191_variants_combinedCodons.eff.vcf.bgz.tbi, /n/data1/hms/dbmi/farhat/rollingDB/genomic_data/SAMEA3558191/WHO_resistance/SAMEA3558191_variants.tsv
    jobid: 4
    reason: Missing output files: /n/data1/hms/dbmi/farhat/rollingDB/genomic_data/SAMEA3558191/WHO_resistance/SAMEA3558191_variants.tsv
    wildcards: sample_ID=SAMEA3558191
    resources: tmpdir=/tmp

Activating conda environment: ../../Mtb_Megapipe/.snakemake/conda/a127fe87b4a6b9a6a5f6a81ead3133a8_

[Thu Feb 20 14:22:17 2025]
rule create_WHO_catalog_variants_TSV:
    input: /n/data1/hms/dbmi/farhat/rollingDB/genomic_data/SAMEA3558196/WHO_resistance/SAMEA3558196_variants_combinedCodons.eff.vcf
    output: /n/data1/hms/dbmi/farhat/rollingDB/genomic_data/SAMEA3558196/WHO_resistance/SAMEA3558196_variants_combinedCodons.eff.vcf.bgz, /n/data1/hms/dbmi/farhat/rollingDB/genomic_data/SAMEA3558196/WHO_resistance/SAMEA3558196_variants_combinedCodons.eff.vcf.bgz.tbi, /n/data1/hms/dbmi/farhat/rollingDB/genomic_data/SAMEA3558196/WHO_resistance/SAMEA3558196_variants.tsv
    jobid: 6
    reason: Missing output files: /n/data1/hms/dbmi/farhat/rollingDB/genomic_data/SAMEA3558196/WHO_resistance/SAMEA3558196_variants.tsv
    wildcards: sample_ID=SAMEA3558196
    resources: tmpdir=/tmp

Activating conda environment: ../../Mtb_Megapipe/.snakemake/conda/a127fe87b4a6b9a6a5f6a81ead3133a8_

[Thu Feb 20 14:22:17 2025]
rule create_WHO_catalog_variants_TSV:
    input: /n/data1/hms/dbmi/farhat/rollingDB/genomic_data/SAMEA3558209/WHO_resistance/SAMEA3558209_variants_combinedCodons.eff.vcf
    output: /n/data1/hms/dbmi/farhat/rollingDB/genomic_data/SAMEA3558209/WHO_resistance/SAMEA3558209_variants_combinedCodons.eff.vcf.bgz, /n/data1/hms/dbmi/farhat/rollingDB/genomic_data/SAMEA3558209/WHO_resistance/SAMEA3558209_variants_combinedCodons.eff.vcf.bgz.tbi, /n/data1/hms/dbmi/farhat/rollingDB/genomic_data/SAMEA3558209/WHO_resistance/SAMEA3558209_variants.tsv
    jobid: 8
    reason: Missing output files: /n/data1/hms/dbmi/farhat/rollingDB/genomic_data/SAMEA3558209/WHO_resistance/SAMEA3558209_variants.tsv
    wildcards: sample_ID=SAMEA3558209
    resources: tmpdir=/tmp

Activating conda environment: ../../Mtb_Megapipe/.snakemake/conda/a127fe87b4a6b9a6a5f6a81ead3133a8_

[Thu Feb 20 14:22:17 2025]
rule create_WHO_catalog_variants_TSV:
    input: /n/data1/hms/dbmi/farhat/rollingDB/genomic_data/SAMEA3558158/WHO_resistance/SAMEA3558158_variants_combinedCodons.eff.vcf
    output: /n/data1/hms/dbmi/farhat/rollingDB/genomic_data/SAMEA3558158/WHO_resistance/SAMEA3558158_variants_combinedCodons.eff.vcf.bgz, /n/data1/hms/dbmi/farhat/rollingDB/genomic_data/SAMEA3558158/WHO_resistance/SAMEA3558158_variants_combinedCodons.eff.vcf.bgz.tbi, /n/data1/hms/dbmi/farhat/rollingDB/genomic_data/SAMEA3558158/WHO_resistance/SAMEA3558158_variants.tsv
    jobid: 10
    reason: Missing output files: /n/data1/hms/dbmi/farhat/rollingDB/genomic_data/SAMEA3558158/WHO_resistance/SAMEA3558158_variants.tsv
    wildcards: sample_ID=SAMEA3558158
    resources: tmpdir=/tmp

Activating conda environment: ../../Mtb_Megapipe/.snakemake/conda/a127fe87b4a6b9a6a5f6a81ead3133a8_
[Thu Feb 20 14:22:24 2025]
Finished job 14.
1 of 17 steps (6%) done
Removing temporary output /n/data1/hms/dbmi/farhat/rollingDB/genomic_data/SAMN02381044/WHO_resistance/SAMN02381044_variants_combinedCodons.eff.vcf.bgz.
Removing temporary output /n/data1/hms/dbmi/farhat/rollingDB/genomic_data/SAMN02381044/WHO_resistance/SAMN02381044_variants_combinedCodons.eff.vcf.bgz.tbi.
Select jobs to execute...

[Thu Feb 20 14:22:24 2025]
rule get_WHO_catalog_resistance_predictions:
    input: /n/data1/hms/dbmi/farhat/rollingDB/genomic_data/SAMN02381044/WHO_resistance/SAMN02381044_variants.tsv
    output: /n/data1/hms/dbmi/farhat/rollingDB/genomic_data/SAMN02381044/WHO_resistance/SAMN02381044_variants_annot.tsv, /n/data1/hms/dbmi/farhat/rollingDB/genomic_data/SAMN02381044/WHO_resistance/SAMN02381044_pred_AF_thresh_75.csv, /n/data1/hms/dbmi/farhat/rollingDB/genomic_data/SAMN02381044/WHO_resistance/SAMN02381044_pred_AF_thresh_25.csv
    jobid: 13
    reason: Missing output files: /n/data1/hms/dbmi/farhat/rollingDB/genomic_data/SAMN02381044/WHO_resistance/SAMN02381044_pred_AF_thresh_75.csv; Input files updated by another job: /n/data1/hms/dbmi/farhat/rollingDB/genomic_data/SAMN02381044/WHO_resistance/SAMN02381044_variants.tsv
    wildcards: sample_ID=SAMN02381044
    resources: tmpdir=/tmp

[Thu Feb 20 14:22:24 2025]
Finished job 12.
2 of 17 steps (12%) done
Removing temporary output /n/data1/hms/dbmi/farhat/rollingDB/genomic_data/SAMEA3558162/WHO_resistance/SAMEA3558162_variants_combinedCodons.eff.vcf.bgz.
Removing temporary output /n/data1/hms/dbmi/farhat/rollingDB/genomic_data/SAMEA3558162/WHO_resistance/SAMEA3558162_variants_combinedCodons.eff.vcf.bgz.tbi.
Select jobs to execute...

[Thu Feb 20 14:22:24 2025]
rule get_WHO_catalog_resistance_predictions:
    input: /n/data1/hms/dbmi/farhat/rollingDB/genomic_data/SAMEA3558162/WHO_resistance/SAMEA3558162_variants.tsv
    output: /n/data1/hms/dbmi/farhat/rollingDB/genomic_data/SAMEA3558162/WHO_resistance/SAMEA3558162_variants_annot.tsv, /n/data1/hms/dbmi/farhat/rollingDB/genomic_data/SAMEA3558162/WHO_resistance/SAMEA3558162_pred_AF_thresh_75.csv, /n/data1/hms/dbmi/farhat/rollingDB/genomic_data/SAMEA3558162/WHO_resistance/SAMEA3558162_pred_AF_thresh_25.csv
    jobid: 11
    reason: Missing output files: /n/data1/hms/dbmi/farhat/rollingDB/genomic_data/SAMEA3558162/WHO_resistance/SAMEA3558162_pred_AF_thresh_75.csv; Input files updated by another job: /n/data1/hms/dbmi/farhat/rollingDB/genomic_data/SAMEA3558162/WHO_resistance/SAMEA3558162_variants.tsv
    wildcards: sample_ID=SAMEA3558162
    resources: tmpdir=/tmp

[Thu Feb 20 14:22:25 2025]
Finished job 2.
3 of 17 steps (18%) done
Removing temporary output /n/data1/hms/dbmi/farhat/rollingDB/genomic_data/SAMEA3558189/WHO_resistance/SAMEA3558189_variants_combinedCodons.eff.vcf.bgz.
Removing temporary output /n/data1/hms/dbmi/farhat/rollingDB/genomic_data/SAMEA3558189/WHO_resistance/SAMEA3558189_variants_combinedCodons.eff.vcf.bgz.tbi.
[Thu Feb 20 14:22:25 2025]
Finished job 16.
4 of 17 steps (24%) done
Removing temporary output /n/data1/hms/dbmi/farhat/rollingDB/genomic_data/SAMEA5569694/WHO_resistance/SAMEA5569694_variants_combinedCodons.eff.vcf.bgz.
Removing temporary output /n/data1/hms/dbmi/farhat/rollingDB/genomic_data/SAMEA5569694/WHO_resistance/SAMEA5569694_variants_combinedCodons.eff.vcf.bgz.tbi.
Select jobs to execute...
Failed to solve scheduling problem with ILP solver. Falling back to greedy solver. Run Snakemake with --verbose to see the full solver output for debugging the problem.

[Thu Feb 20 14:22:25 2025]
rule get_WHO_catalog_resistance_predictions:
    input: /n/data1/hms/dbmi/farhat/rollingDB/genomic_data/SAMEA3558189/WHO_resistance/SAMEA3558189_variants.tsv
    output: /n/data1/hms/dbmi/farhat/rollingDB/genomic_data/SAMEA3558189/WHO_resistance/SAMEA3558189_variants_annot.tsv, /n/data1/hms/dbmi/farhat/rollingDB/genomic_data/SAMEA3558189/WHO_resistance/SAMEA3558189_pred_AF_thresh_75.csv, /n/data1/hms/dbmi/farhat/rollingDB/genomic_data/SAMEA3558189/WHO_resistance/SAMEA3558189_pred_AF_thresh_25.csv
    jobid: 1
    reason: Missing output files: /n/data1/hms/dbmi/farhat/rollingDB/genomic_data/SAMEA3558189/WHO_resistance/SAMEA3558189_pred_AF_thresh_75.csv; Input files updated by another job: /n/data1/hms/dbmi/farhat/rollingDB/genomic_data/SAMEA3558189/WHO_resistance/SAMEA3558189_variants.tsv
    wildcards: sample_ID=SAMEA3558189
    resources: tmpdir=/tmp


[Thu Feb 20 14:22:25 2025]
rule get_WHO_catalog_resistance_predictions:
    input: /n/data1/hms/dbmi/farhat/rollingDB/genomic_data/SAMEA5569694/WHO_resistance/SAMEA5569694_variants.tsv
    output: /n/data1/hms/dbmi/farhat/rollingDB/genomic_data/SAMEA5569694/WHO_resistance/SAMEA5569694_variants_annot.tsv, /n/data1/hms/dbmi/farhat/rollingDB/genomic_data/SAMEA5569694/WHO_resistance/SAMEA5569694_pred_AF_thresh_75.csv, /n/data1/hms/dbmi/farhat/rollingDB/genomic_data/SAMEA5569694/WHO_resistance/SAMEA5569694_pred_AF_thresh_25.csv
    jobid: 15
    reason: Missing output files: /n/data1/hms/dbmi/farhat/rollingDB/genomic_data/SAMEA5569694/WHO_resistance/SAMEA5569694_pred_AF_thresh_75.csv; Input files updated by another job: /n/data1/hms/dbmi/farhat/rollingDB/genomic_data/SAMEA5569694/WHO_resistance/SAMEA5569694_variants.tsv
    wildcards: sample_ID=SAMEA5569694
    resources: tmpdir=/tmp

[Thu Feb 20 14:22:25 2025]
Finished job 4.
5 of 17 steps (29%) done
Removing temporary output /n/data1/hms/dbmi/farhat/rollingDB/genomic_data/SAMEA3558191/WHO_resistance/SAMEA3558191_variants_combinedCodons.eff.vcf.bgz.
Removing temporary output /n/data1/hms/dbmi/farhat/rollingDB/genomic_data/SAMEA3558191/WHO_resistance/SAMEA3558191_variants_combinedCodons.eff.vcf.bgz.tbi.
[Thu Feb 20 14:22:25 2025]
Finished job 6.
6 of 17 steps (35%) done
Removing temporary output /n/data1/hms/dbmi/farhat/rollingDB/genomic_data/SAMEA3558196/WHO_resistance/SAMEA3558196_variants_combinedCodons.eff.vcf.bgz.
Removing temporary output /n/data1/hms/dbmi/farhat/rollingDB/genomic_data/SAMEA3558196/WHO_resistance/SAMEA3558196_variants_combinedCodons.eff.vcf.bgz.tbi.
[Thu Feb 20 14:22:25 2025]
Finished job 10.
7 of 17 steps (41%) done
Removing temporary output /n/data1/hms/dbmi/farhat/rollingDB/genomic_data/SAMEA3558158/WHO_resistance/SAMEA3558158_variants_combinedCodons.eff.vcf.bgz.
Removing temporary output /n/data1/hms/dbmi/farhat/rollingDB/genomic_data/SAMEA3558158/WHO_resistance/SAMEA3558158_variants_combinedCodons.eff.vcf.bgz.tbi.
[Thu Feb 20 14:22:25 2025]
Finished job 8.
8 of 17 steps (47%) done
Removing temporary output /n/data1/hms/dbmi/farhat/rollingDB/genomic_data/SAMEA3558209/WHO_resistance/SAMEA3558209_variants_combinedCodons.eff.vcf.bgz.
Removing temporary output /n/data1/hms/dbmi/farhat/rollingDB/genomic_data/SAMEA3558209/WHO_resistance/SAMEA3558209_variants_combinedCodons.eff.vcf.bgz.tbi.
Select jobs to execute...
Failed to solve scheduling problem with ILP solver. Falling back to greedy solver. Run Snakemake with --verbose to see the full solver output for debugging the problem.

[Thu Feb 20 14:22:25 2025]
rule get_WHO_catalog_resistance_predictions:
    input: /n/data1/hms/dbmi/farhat/rollingDB/genomic_data/SAMEA3558196/WHO_resistance/SAMEA3558196_variants.tsv
    output: /n/data1/hms/dbmi/farhat/rollingDB/genomic_data/SAMEA3558196/WHO_resistance/SAMEA3558196_variants_annot.tsv, /n/data1/hms/dbmi/farhat/rollingDB/genomic_data/SAMEA3558196/WHO_resistance/SAMEA3558196_pred_AF_thresh_75.csv, /n/data1/hms/dbmi/farhat/rollingDB/genomic_data/SAMEA3558196/WHO_resistance/SAMEA3558196_pred_AF_thresh_25.csv
    jobid: 5
    reason: Missing output files: /n/data1/hms/dbmi/farhat/rollingDB/genomic_data/SAMEA3558196/WHO_resistance/SAMEA3558196_pred_AF_thresh_75.csv; Input files updated by another job: /n/data1/hms/dbmi/farhat/rollingDB/genomic_data/SAMEA3558196/WHO_resistance/SAMEA3558196_variants.tsv
    wildcards: sample_ID=SAMEA3558196
    resources: tmpdir=/tmp


[Thu Feb 20 14:22:25 2025]
rule get_WHO_catalog_resistance_predictions:
    input: /n/data1/hms/dbmi/farhat/rollingDB/genomic_data/SAMEA3558209/WHO_resistance/SAMEA3558209_variants.tsv
    output: /n/data1/hms/dbmi/farhat/rollingDB/genomic_data/SAMEA3558209/WHO_resistance/SAMEA3558209_variants_annot.tsv, /n/data1/hms/dbmi/farhat/rollingDB/genomic_data/SAMEA3558209/WHO_resistance/SAMEA3558209_pred_AF_thresh_75.csv, /n/data1/hms/dbmi/farhat/rollingDB/genomic_data/SAMEA3558209/WHO_resistance/SAMEA3558209_pred_AF_thresh_25.csv
    jobid: 7
    reason: Missing output files: /n/data1/hms/dbmi/farhat/rollingDB/genomic_data/SAMEA3558209/WHO_resistance/SAMEA3558209_pred_AF_thresh_75.csv; Input files updated by another job: /n/data1/hms/dbmi/farhat/rollingDB/genomic_data/SAMEA3558209/WHO_resistance/SAMEA3558209_variants.tsv
    wildcards: sample_ID=SAMEA3558209
    resources: tmpdir=/tmp


[Thu Feb 20 14:22:25 2025]
rule get_WHO_catalog_resistance_predictions:
    input: /n/data1/hms/dbmi/farhat/rollingDB/genomic_data/SAMEA3558158/WHO_resistance/SAMEA3558158_variants.tsv
    output: /n/data1/hms/dbmi/farhat/rollingDB/genomic_data/SAMEA3558158/WHO_resistance/SAMEA3558158_variants_annot.tsv, /n/data1/hms/dbmi/farhat/rollingDB/genomic_data/SAMEA3558158/WHO_resistance/SAMEA3558158_pred_AF_thresh_75.csv, /n/data1/hms/dbmi/farhat/rollingDB/genomic_data/SAMEA3558158/WHO_resistance/SAMEA3558158_pred_AF_thresh_25.csv
    jobid: 9
    reason: Missing output files: /n/data1/hms/dbmi/farhat/rollingDB/genomic_data/SAMEA3558158/WHO_resistance/SAMEA3558158_pred_AF_thresh_75.csv; Input files updated by another job: /n/data1/hms/dbmi/farhat/rollingDB/genomic_data/SAMEA3558158/WHO_resistance/SAMEA3558158_variants.tsv
    wildcards: sample_ID=SAMEA3558158
    resources: tmpdir=/tmp


[Thu Feb 20 14:22:25 2025]
rule get_WHO_catalog_resistance_predictions:
    input: /n/data1/hms/dbmi/farhat/rollingDB/genomic_data/SAMEA3558191/WHO_resistance/SAMEA3558191_variants.tsv
    output: /n/data1/hms/dbmi/farhat/rollingDB/genomic_data/SAMEA3558191/WHO_resistance/SAMEA3558191_variants_annot.tsv, /n/data1/hms/dbmi/farhat/rollingDB/genomic_data/SAMEA3558191/WHO_resistance/SAMEA3558191_pred_AF_thresh_75.csv, /n/data1/hms/dbmi/farhat/rollingDB/genomic_data/SAMEA3558191/WHO_resistance/SAMEA3558191_pred_AF_thresh_25.csv
    jobid: 3
    reason: Missing output files: /n/data1/hms/dbmi/farhat/rollingDB/genomic_data/SAMEA3558191/WHO_resistance/SAMEA3558191_pred_AF_thresh_75.csv; Input files updated by another job: /n/data1/hms/dbmi/farhat/rollingDB/genomic_data/SAMEA3558191/WHO_resistance/SAMEA3558191_variants.tsv
    wildcards: sample_ID=SAMEA3558191
    resources: tmpdir=/tmp

[Thu Feb 20 14:23:31 2025]
Finished job 11.
9 of 17 steps (53%) done
[Thu Feb 20 14:23:31 2025]
Finished job 15.
10 of 17 steps (59%) done
[Thu Feb 20 14:23:31 2025]
Finished job 5.
11 of 17 steps (65%) done
[Thu Feb 20 14:23:32 2025]
Finished job 13.
12 of 17 steps (71%) done
[Thu Feb 20 14:23:32 2025]
Finished job 9.
13 of 17 steps (76%) done
[Thu Feb 20 14:23:32 2025]
Finished job 1.
14 of 17 steps (82%) done
[Thu Feb 20 14:23:32 2025]
Finished job 7.
15 of 17 steps (88%) done
[Thu Feb 20 14:23:32 2025]
Finished job 3.
16 of 17 steps (94%) done
Select jobs to execute...

[Thu Feb 20 14:23:32 2025]
localrule all:
    input: /n/data1/hms/dbmi/farhat/rollingDB/genomic_data/SAMEA3558189/WHO_resistance/SAMEA3558189_pred_AF_thresh_75.csv, /n/data1/hms/dbmi/farhat/rollingDB/genomic_data/SAMEA3558191/WHO_resistance/SAMEA3558191_pred_AF_thresh_75.csv, /n/data1/hms/dbmi/farhat/rollingDB/genomic_data/SAMEA3558196/WHO_resistance/SAMEA3558196_pred_AF_thresh_75.csv, /n/data1/hms/dbmi/farhat/rollingDB/genomic_data/SAMEA3558209/WHO_resistance/SAMEA3558209_pred_AF_thresh_75.csv, /n/data1/hms/dbmi/farhat/rollingDB/genomic_data/SAMEA3558158/WHO_resistance/SAMEA3558158_pred_AF_thresh_75.csv, /n/data1/hms/dbmi/farhat/rollingDB/genomic_data/SAMEA3558162/WHO_resistance/SAMEA3558162_pred_AF_thresh_75.csv, /n/data1/hms/dbmi/farhat/rollingDB/genomic_data/SAMN02381044/WHO_resistance/SAMN02381044_pred_AF_thresh_75.csv, /n/data1/hms/dbmi/farhat/rollingDB/genomic_data/SAMEA5569694/WHO_resistance/SAMEA5569694_pred_AF_thresh_75.csv
    jobid: 0
    reason: Input files updated by another job: /n/data1/hms/dbmi/farhat/rollingDB/genomic_data/SAMEA3558209/WHO_resistance/SAMEA3558209_pred_AF_thresh_75.csv, /n/data1/hms/dbmi/farhat/rollingDB/genomic_data/SAMEA3558191/WHO_resistance/SAMEA3558191_pred_AF_thresh_75.csv, /n/data1/hms/dbmi/farhat/rollingDB/genomic_data/SAMN02381044/WHO_resistance/SAMN02381044_pred_AF_thresh_75.csv, /n/data1/hms/dbmi/farhat/rollingDB/genomic_data/SAMEA3558158/WHO_resistance/SAMEA3558158_pred_AF_thresh_75.csv, /n/data1/hms/dbmi/farhat/rollingDB/genomic_data/SAMEA5569694/WHO_resistance/SAMEA5569694_pred_AF_thresh_75.csv, /n/data1/hms/dbmi/farhat/rollingDB/genomic_data/SAMEA3558162/WHO_resistance/SAMEA3558162_pred_AF_thresh_75.csv, /n/data1/hms/dbmi/farhat/rollingDB/genomic_data/SAMEA3558196/WHO_resistance/SAMEA3558196_pred_AF_thresh_75.csv, /n/data1/hms/dbmi/farhat/rollingDB/genomic_data/SAMEA3558189/WHO_resistance/SAMEA3558189_pred_AF_thresh_75.csv
    resources: tmpdir=/tmp

[Thu Feb 20 14:23:32 2025]
Finished job 0.
17 of 17 steps (100%) done
Complete log: .snakemake/log/2025-02-20T142212.204098.snakemake.log
